
> app-oficios-frontend@0.0.0 build C:\Users\Federico\Downloads\oficios-app\oficios-front
> tsc -b && vite build

src/components/Home/PanelSolicitudes.tsx(242,85): error TS2322: Type 'string | object' is not assignable to type 'string | number | bigint | boolean | ReactElement<unknown, string | JSXElementConstructor<any>> | Iterable<ReactNode> | ReactPortal | Promise<...> | null | undefined'.
  Type 'object' is not assignable to type 'string | number | bigint | boolean | ReactElement<unknown, string | JSXElementConstructor<any>> | Iterable<ReactNode> | ReactPortal | Promise<...> | null | undefined'.
ΓÇëELIFECYCLEΓÇë Command failed with exit code 2.
